[brandikonic.com/index.html]
[backblue.gif]
[fade.gif]
[index.html]
[brandikonic.com/wp-content/plugins/click-to-chat-for-whatsapp/new/inc/assets/css/main862f.css]
[brandikonic.com/feed/index.html]
[brandikonic.com/wp-includes/css/dist/block-library/style.minaec2.css]
[brandikonic.com/comments/feed/index.html]
[brandikonic.com/wp-content/plugins/woocommerce/assets/css/woocommerce-layout2632.css]
[brandikonic.com/wp-content/plugins/woocommerce/assets/css/woocommerce-smallscreen2632.css]
[brandikonic.com/wp-content/plugins/woocommerce/assets/css/woocommerce2632.css]
[brandikonic.com/wp-content/themes/hello-elementor/style.min1102.css]
[brandikonic.com/wp-content/themes/hello-elementor/theme.min1102.css]
[brandikonic.com/wp-content/plugins/elementor/assets/lib/eicons/css/elementor-icons.min192d.css]
[brandikonic.com/wp-content/plugins/elementor/assets/css/frontend-lite.minafc7.css]
[brandikonic.com/wp-content/plugins/elementor/assets/lib/swiper/css/swiper.min48f5.css]
[brandikonic.com/wp-content/uploads/elementor/css/post-18f086.css]
[brandikonic.com/wp-content/plugins/elementor-pro/assets/css/frontend-lite.min6b60.css]
[brandikonic.com/wp-content/plugins/ultimate-elementor/assets/min-css/uael-frontend.min20e9.css]
[brandikonic.com/wp-content/uploads/elementor/css/global6e38.css]
[brandikonic.com/wp-content/uploads/elementor/css/post-42749f0.css]
[brandikonic.com/wp-content/plugins/elementor/assets/lib/font-awesome/css/fontawesome.min52d5.css]
[brandikonic.com/wp-content/plugins/elementor/assets/lib/font-awesome/css/solid.min52d5.css]
[brandikonic.com/wp-content/plugins/elementor/assets/lib/font-awesome/css/regular.min52d5.css]
[brandikonic.com/wp-content/plugins/elementor/assets/lib/font-awesome/css/brands.min52d5.css]
[brandikonic.com/wp-includes/js/jquery/jquery.minf43b.js]
[brandikonic.com/wp-includes/js/jquery/jquery-migrate.min5589.js]
[brandikonic.com/wp-content/plugins/pixelyoursite-pro/dist/scripts/js.cookie-2.1.3.min4c71.js]
[brandikonic.com/wp-content/plugins/pixelyoursite-pro/dist/scripts/jquery.bind-first-0.2.3.minaec2.js]
[brandikonic.com/wp-content/plugins/pixelyoursite-pro/dist/scripts/public2e99.js]
[brandikonic.com/wp-json/index.html]
[brandikonic.com/wp-json/wp/v2/pages/427.json]
[brandikonic.com/wp-json/oembed/1.0/embed38ee.json]
[brandikonic.com/wp-content/uploads/2023/09/cropped-Brandikonic-Icon-32x32.png]
[brandikonic.com/wp-content/uploads/2023/09/cropped-Brandikonic-Icon-192x192.png]
[brandikonic.com/wp-content/uploads/2023/09/cropped-Brandikonic-Icon-180x180.png]
[brandikonic.com/wp-content/uploads/2023/09/Brandikonic-Logo.png]
[brandikonic.com/wp-content/plugins/elementor-pro/assets/css/widget-nav-menu.min.css]
[brandikonic.com/wp-content/plugins/elementor/assets/css/widget-icon-list.min.css]
[brandikonic.com/wp-content/uploads/2023/10/New-Hero-Image.png]
[brandikonic.com/wp-content/uploads/2023/10/MYTYLES.png]
[brandikonic.com/wp-content/uploads/2023/10/HENCE.png]
[brandikonic.com/wp-content/uploads/2023/10/DENSTECH.png]
[brandikonic.com/wp-content/uploads/2023/10/UPPERX.png]
[brandikonic.com/wp-content/uploads/2023/10/EATOUS.png]
[brandikonic.com/wp-content/uploads/2023/10/CYBER-FENCE.png]
[brandikonic.com/wp-content/uploads/2023/09/Professional-Design-Team-1.png]
[brandikonic.com/wp-content/uploads/2023/09/clients-Trust-Brandikonic-4.png]
[brandikonic.com/wp-content/uploads/2023/09/Designs-Made-2.png]
[brandikonic.com/wp-content/uploads/2023/09/Average-Rating-3.png]
[brandikonic.com/wp-content/uploads/2023/10/Professional-Design-Team-2.png]
[brandikonic.com/wp-content/uploads/2023/10/clients-Trust-Brandikonic-2.png]
[brandikonic.com/wp-content/uploads/2023/10/Average-Rating-2.png]
[brandikonic.com/wp-content/uploads/2023/10/Home-Logo-Design.jpg]
[brandikonic.com/wp-content/uploads/2023/10/Home-WebSite-Design.jpg]
[brandikonic.com/wp-content/uploads/2023/10/Home-Packageing-Design.jpg]
[brandikonic.com/wp-content/uploads/2023/10/Brandname-S.png]
[brandikonic.com/wp-content/uploads/2023/11/9942823_4305996-scaled.jpg]
[brandikonic.com/wp-content/uploads/2023/11/Social-Media-Management-scaled.jpg]
[brandikonic.com/logodesign/index.html]
[brandikonic.com/packagingdesign/index.html]
[brandikonic.com/webdesign/index.html]
[brandikonic.com/wp-content/uploads/2023/11/Viral-Reel-Editing-scaled.jpg]
[brandikonic.com/wp-content/uploads/2023/11/PPT-Design-scaled.jpg]
[brandikonic.com/wp-content/uploads/2023/09/Dadis-vaida-final-slide.jpg]
[brandikonic.com/wp-content/uploads/2023/09/Theodore-.jpg]
[brandikonic.com/brandname/index.html]
[brandikonic.com/wp-content/uploads/2023/09/Perfum.jpg]
[brandikonic.com/wp-content/uploads/2023/09/Beer-bottle_fina.jpg]
[brandikonic.com/wp-content/uploads/2023/09/Meine-Liebe.jpg]
[brandikonic.com/wp-content/uploads/2023/09/Muddy-Water.jpg]
[brandikonic.com/wp-content/uploads/2023/10/Website-27.png]
[brandikonic.com/wp-content/uploads/2023/10/Website-19.png]
[brandikonic.com/wp-content/uploads/2023/10/Website-22.png]
[brandikonic.com/wp-content/uploads/2023/10/Website-5.png]
[brandikonic.com/wp-content/uploads/2023/10/Website-2.jpg]
[brandikonic.com/wp-content/uploads/2023/10/original-e08ff85d1d45a5819f1a055057809a98.png]
[brandikonic.com/wp-content/uploads/2023/10/1-17.jpg]
[brandikonic.com/wp-content/uploads/2023/10/1-7.jpg]
[brandikonic.com/wp-content/uploads/2023/10/1-3.jpg]
[brandikonic.com/wp-content/uploads/2023/10/Packaging_Design-7.jpg]
[brandikonic.com/wp-content/uploads/2023/10/Packaging_Design-3.jpg]
[brandikonic.com/wp-content/uploads/2023/10/Packaging_Design-9.jpg]
[brandikonic.com/wp-content/uploads/2023/10/Brand_name_Vanessa.jpg]
[brandikonic.com/wp-content/uploads/2023/10/Brand_name_Yogye.jpg]
[brandikonic.com/wp-content/uploads/2023/10/Brand_name_Utiliquo.jpg]
[brandikonic.com/wp-content/uploads/2023/10/Brand_name_Macky.jpg]
[brandikonic.com/wp-content/uploads/2023/10/Brand_name_Westfortune.jpg]
[brandikonic.com/wp-content/uploads/2023/10/Brand_name_Ergohac.jpg]
[brandikonic.com/wp-content/uploads/2023/11/Spark-Capital-Logo-1024x746.jpg]
[brandikonic.com/wp-content/uploads/2023/11/6thSense-Logo-1024x746.jpg]
[brandikonic.com/wp-content/uploads/2023/11/Froggy-Piggy-Logo-1024x746.jpg]
[brandikonic.com/wp-content/uploads/2023/11/Casino-Ocean-logo-1024x746.jpg]
[brandikonic.com/wp-content/uploads/2023/11/Bianco-Logo-1024x746.jpg]
[brandikonic.com/wp-content/uploads/2023/11/Safran-logo-1024x746.jpg]
[brandikonic.com/wp-content/uploads/2023/11/Website-Design-Thumbnail-1-1024x746.jpg]
[brandikonic.com/wp-content/uploads/2023/11/Website-Design-Thumbnail-4-1024x746.jpg]
[brandikonic.com/wp-content/uploads/2023/11/Website-Design-Thumbnail-7-1024x746.jpg]
[brandikonic.com/wp-content/uploads/2023/11/Website-Design-Thumbnail-10-1024x746.jpg]
[brandikonic.com/wp-content/uploads/2023/11/Website-Design-Thumbnail-13-1024x746.jpg]
[brandikonic.com/wp-content/uploads/2023/11/Website-Design-Thumbnail-2-1024x746.jpg]
[brandikonic.com/wp-content/uploads/2023/11/Website-Design-Thumbnail-5-1024x746.jpg]
[brandikonic.com/wp-content/uploads/2023/11/Website-Design-Thumbnail-8-1024x746.jpg]
[brandikonic.com/wp-content/uploads/2023/11/Website-Design-Thumbnail-11-1024x746.jpg]
[brandikonic.com/wp-content/uploads/2023/11/Website-Design-Thumbnail-14-1024x746.jpg]
[brandikonic.com/wp-content/uploads/2023/11/Website-Design-Thumbnail-3-1024x746.jpg]
[brandikonic.com/wp-content/uploads/2023/11/Website-Design-Thumbnail-6-1024x746.jpg]
[brandikonic.com/wp-content/uploads/2023/11/Website-Design-Thumbnail-9-1024x746.jpg]
[brandikonic.com/wp-content/uploads/2023/11/Website-Design-Thumbnail-12-1024x746.jpg]
[brandikonic.com/wp-content/uploads/2023/11/Website-Design-Thumbnail-15-1024x746.jpg]
[brandikonic.com/wp-content/uploads/2023/11/Lumia-Thumbnail-1024x746.jpg]
[brandikonic.com/wp-content/uploads/2023/11/Mafoli-Thumbnail-1024x746.jpg]
[brandikonic.com/wp-content/uploads/2023/11/Automize-Thumbnail-1024x746.jpg]
[brandikonic.com/wp-content/uploads/2023/11/Orange-Thumbnail-1024x746.jpg]
[brandikonic.com/wp-content/uploads/2023/11/Polish-Organizer-sagler.png]
[brandikonic.com/wp-content/uploads/2023/11/Outdoor-Firewood-home-it-original-scaled.jpg]
[brandikonic.com/wp-content/uploads/2023/11/05@3x-scaled.jpg]
[brandikonic.com/wp-content/uploads/2023/11/02_1350-X-1080-scaled.jpg]
[brandikonic.com/wp-content/uploads/2023/11/12-HEALTH-BENEFIT@3x-scaled.jpg]
[brandikonic.com/wp-content/uploads/2023/11/07-FACT@3x-scaled.jpg]
[brandikonic.com/wp-content/uploads/2023/11/32771c7f-fbff-4ed1-9c01-045983156193.jpg]
[brandikonic.com/wp-content/uploads/2023/11/Infographic-2-scaled.jpg]
[brandikonic.com/wp-content/uploads/2023/11/Infographic-1-scaled.jpg]
[brandikonic.com/wp-content/uploads/2023/11/Artboard-1-copy-2@2x.png]
[brandikonic.com/wp-content/uploads/2023/11/Artboard-4@4x.png]
[brandikonic.com/wp-content/uploads/2023/11/DJ-Party-Flyer.png]
[brandikonic.com/wp-content/uploads/2023/11/2-REDE-SOCIAL-BANCA-DE-APOSTAS-2.png]
[brandikonic.com/wp-content/uploads/2023/11/Rede-Social-Palmeiras-e-Flamengo-03.png]
[brandikonic.com/wp-content/uploads/2023/11/611.png]
[brandikonic.com/wp-content/uploads/2023/11/Social-Media-Imobiliaria-Casa-dos-Sonhos-PSD-Editavel-32.png]
[brandikonic.com/wp-content/uploads/2023/11/613.png]
[brandikonic.com/wp-content/uploads/2023/11/SurtiPost-8.png]
[brandikonic.com/wp-content/uploads/2023/11/SurtiPost-1.png]
[brandikonic.com/wp-content/uploads/2023/11/02-1.jpg]
[brandikonic.com/wp-content/uploads/2023/11/01-1.jpg]
[brandikonic.com/wp-content/uploads/2023/11/12-scaled.jpg]
[brandikonic.com/wp-content/uploads/2023/11/11-scaled.jpg]
[brandikonic.com/wp-content/uploads/2023/11/10-scaled.jpg]
[brandikonic.com/wp-content/uploads/2023/11/09.jpg]
[brandikonic.com/wp-content/uploads/2023/11/07-scaled.jpg]
[brandikonic.com/wp-content/uploads/2023/11/06-scaled.jpg]
[brandikonic.com/wp-content/uploads/2023/11/04-scaled.jpg]
[brandikonic.com/wp-content/uploads/2023/11/02-scaled.jpg]
[brandikonic.com/wp-content/uploads/2023/11/01-scaled.jpg]
[brandikonic.com/wp-content/uploads/2023/11/Artboard-1.png]
[brandikonic.com/wp-content/uploads/2023/11/1-17.jpg]
[brandikonic.com/wp-content/uploads/2023/11/Packaging_Design-1.jpg]
[brandikonic.com/wp-content/uploads/2023/11/Packaging_Design-2.jpg]
[brandikonic.com/wp-content/uploads/2023/11/Packaging_Design-3.jpg]
[brandikonic.com/wp-content/uploads/2023/11/Packaging_Design-4.jpg]
[brandikonic.com/wp-content/uploads/2023/11/Packaging_Design-5.jpg]
[brandikonic.com/wp-content/uploads/2023/11/Packaging_Design-6.jpg]
[brandikonic.com/wp-content/uploads/2023/11/Packaging_Design-7.jpg]
[brandikonic.com/wp-content/uploads/2023/11/Packaging_Design-10.jpg]
[brandikonic.com/wp-content/uploads/2023/11/Packaging_Design-9.jpg]
[brandikonic.com/wp-content/uploads/2023/11/Packaging_Design-8.jpg]
[brandikonic.com/wp-content/uploads/2023/11/Packaging_Design-11.jpg]
[brandikonic.com/wp-content/uploads/2023/11/1-2.jpg]
[brandikonic.com/wp-content/uploads/2023/11/1-5.jpg]
[brandikonic.com/wp-content/uploads/2023/11/1-9.jpg]
[brandikonic.com/wp-content/uploads/2023/11/1-15.jpg]
[brandikonic.com/wp-content/uploads/2023/11/Brand_name_Anavrin.jpg]
[brandikonic.com/wp-content/uploads/2023/11/Brand_name_Atyantah.jpg]
[brandikonic.com/wp-content/uploads/2023/11/Brand_name_Chai_Partner.jpg]
[brandikonic.com/wp-content/uploads/2023/11/Brand_name_Ergohac.jpg]
[brandikonic.com/wp-content/uploads/2023/11/Brand_name_Macky.jpg]
[brandikonic.com/wp-content/uploads/2023/11/Brand_name_Talitva.jpg]
[brandikonic.com/wp-content/uploads/2023/11/Brand_name_Urban_Chai.jpg]
[brandikonic.com/wp-content/uploads/2023/11/Brand_name_Utiliquo.jpg]
[brandikonic.com/wp-content/uploads/2023/11/Brand_name_Vanessa.jpg]
[brandikonic.com/wp-content/uploads/2023/11/Brand_name_Westfortune.jpg]
[brandikonic.com/wp-content/uploads/2023/11/Brand_name_Yogye.jpg]
[brandikonic.com/wp-content/uploads/2023/11/Brand_name_Zaverica.jpg]
[brandikonic.com/wp-content/uploads/2023/11/Thumbnail-1-1024x576.jpg]
[brandikonic.com/wp-content/uploads/2023/11/Thumbnail-4-1024x576.jpg]
[brandikonic.com/wp-content/uploads/2023/11/Thumbnail-7-1024x576.png]
[brandikonic.com/wp-content/uploads/2023/11/Thumbnail-10-1024x576.jpg]
[brandikonic.com/wp-content/uploads/2023/11/Thumbnail-13-1024x576.jpg]
[brandikonic.com/wp-content/uploads/2023/11/Thumbnail-2-1024x576.jpg]
[brandikonic.com/wp-content/uploads/2023/11/Thumbnail-5-1024x576.jpg]
[brandikonic.com/wp-content/uploads/2023/11/Thumbnail-8-1024x576.png]
[brandikonic.com/wp-content/uploads/2023/11/Thumbnail-11-1024x576.jpg]
[brandikonic.com/wp-content/uploads/2023/11/Thumbnail-14-1024x576.jpg]
[brandikonic.com/wp-content/uploads/2023/11/Thumbnail-3-1024x576.jpg]
[brandikonic.com/wp-content/uploads/2023/11/Thumbnail-6-1024x576.jpg]
[brandikonic.com/wp-content/uploads/2023/11/Thumbnail-9-1024x576.png]
[brandikonic.com/wp-content/uploads/2023/11/Thumbnail-12-1024x576.jpg]
[brandikonic.com/wp-content/uploads/2023/11/Thumbnail-15-1024x576.jpg]
[brandikonic.com/wp-content/plugins/elementor-pro/assets/css/widget-carousel.min.css]
[brandikonic.com/wp-content/uploads/2023/09/6-Mr.-Todd.jpg]
[brandikonic.com/https_/brandikonic.com/wp-content/uploads/2023/09/6-Mr.-Todd.jpg]
[brandikonic.com/wp-content/uploads/2023/09/5-Lukeri.jpg]
[brandikonic.com/https_/brandikonic.com/wp-content/uploads/2023/09/5-Lukeri.jpg]
[brandikonic.com/wp-content/uploads/2023/09/7-P.-Michle.jpg]
[brandikonic.com/https_/brandikonic.com/wp-content/uploads/2023/09/7-P.-Michle.jpg]
[brandikonic.com/wp-content/uploads/2023/09/9-Yolanda.jpg]
[brandikonic.com/https_/brandikonic.com/wp-content/uploads/2023/09/9-Yolanda.jpg]
[brandikonic.com/wp-content/uploads/2023/09/2-Dr.-Chandresh.jpg]
[brandikonic.com/https_/brandikonic.com/wp-content/uploads/2023/09/2-Dr.-Chandresh.jpg]
[brandikonic.com/wp-content/uploads/2023/09/8-Subhadip.jpg]
[brandikonic.com/https_/brandikonic.com/wp-content/uploads/2023/09/8-Subhadip.jpg]
[brandikonic.com/wp-content/uploads/2023/09/3-Dr.-Krishna.jpg]
[brandikonic.com/https_/brandikonic.com/wp-content/uploads/2023/09/3-Dr.-Krishna.jpg]
[brandikonic.com/wp-content/uploads/2023/09/1-Arun.jpg]
[brandikonic.com/https_/brandikonic.com/wp-content/uploads/2023/09/1-Arun.jpg]
[brandikonic.com/wp-content/uploads/2023/09/Size-M.png]
[brandikonic.com/wp-content/uploads/2023/09/Mrinal-sharma.png]
[brandikonic.com/wp-content/uploads/2023/09/Kaya-.png]
[brandikonic.com/wp-content/uploads/2023/09/Ram.png]
[brandikonic.com/wp-content/uploads/2023/09/TradEze.png]
[brandikonic.com/wp-content/uploads/2023/09/Saravanan-Ponnaih.png]
[brandikonic.com/wp-content/uploads/2023/09/Aarahis.png]
[brandikonic.com/wp-content/uploads/2023/09/Arpit-Chhipi.png]
[brandikonic.com/wp-content/uploads/2023/09/XYPA.png]
[brandikonic.com/wp-content/uploads/2023/09/Dhruv-Gupta.png]
[brandikonic.com/wp-content/uploads/2023/09/Indiabu.png]
[brandikonic.com/wp-content/uploads/2023/09/Anamika-Tarkar.png]
[brandikonic.com/wp-content/uploads/2023/09/Tell-us-what-you-need.jpg]
[brandikonic.com/wp-content/uploads/2023/09/Give-feedback-get-revisions.jpg]
[brandikonic.com/wp-content/uploads/2023/09/Approve-download.jpg]
[brandikonic.com/wp-content/uploads/2023/10/Jitendra-Dhameliya.png]
[brandikonic.com/wp-content/uploads/2023/10/Designs-that-make-your-customers-say-wowDesigns-that-make-your-customers-say-wow.jpg]
[brandikonic.com/wp-content/uploads/2023/10/Seamless-communication.jpg]
[brandikonic.com/wp-content/uploads/2023/10/Jeet-SIingh.png]
[brandikonic.com/wp-content/uploads/2023/10/Krishna-Bhalala.png]
[brandikonic.com/wp-content/uploads/2023/10/No-more-missed-deadlinesNo-more-missed-deadlines.jpg]
[brandikonic.com/wp-content/uploads/2023/09/Artboard-10-cEEEopy-2048x1700-1-1024x850.png]
[brandikonic.com/wp-content/uploads/2023/09/Bharat-Hirpara-BI.png]
[brandikonic.com/wp-content/uploads/2023/09/CTA-Button.png]
[brandikonic.com/wp-content/uploads/2023/10/Logo-Slides-1-1.jpg]
[brandikonic.com/wp-content/uploads/2023/10/Logo-Slides-1-2.jpg]
[brandikonic.com/wp-content/uploads/2023/09/Brandikonic-White-Logo.png]
[brandikonic.com/wp-content/uploads/2023/10/Payment-.png]
[brandikonic.com/wp-content/uploads/2023/10/GGR.png]
[brandikonic.com/wp-content/uploads/2023/11/Spark-Capital-Presentation-1-scaled.jpg]
[brandikonic.com/wp-content/uploads/2023/11/Spark-Capital-Presentation-2-scaled.jpg]
[brandikonic.com/wp-content/uploads/2023/11/Spark-Capital-Presentation-3-scaled.jpg]
[brandikonic.com/wp-content/uploads/2023/11/Spark-Capital-Presentation-4-scaled.jpg]
[brandikonic.com/wp-content/uploads/2023/11/Spark-Capital-Presentation-5-scaled.jpg]
[brandikonic.com/wp-content/uploads/2023/11/Spark-Capital-Presentation-6-scaled.jpg]
[brandikonic.com/wp-content/uploads/2023/11/Spark-Capital-Presentation-7-scaled.jpg]
[brandikonic.com/wp-content/uploads/2023/11/6thSense-Presentation-1-scaled.jpg]
[brandikonic.com/privacy-policy/index.html]
[brandikonic.com/wp-content/uploads/2023/11/6thSense-Presentation-2-scaled.jpg]
[brandikonic.com/terms-of-service/index.html]
[brandikonic.com/wp-content/uploads/2023/11/6thSense-Presentation-3-scaled.jpg]
[brandikonic.com/wp-content/uploads/2023/11/6thSense-Presentation-4-scaled.jpg]
[brandikonic.com/wp-content/uploads/2023/11/Froggy-Piggy-Presentation-1-scaled.jpg]
[brandikonic.com/wp-content/uploads/2023/11/Froggy-Piggy-Presentation-2-scaled.jpg]
[brandikonic.com/wp-content/uploads/2023/11/Froggy-Piggy-Presentation-3-scaled.jpg]
[brandikonic.com/wp-content/uploads/2023/11/Froggy-Piggy-Presentation-4-scaled.jpg]
[brandikonic.com/wp-content/uploads/2023/11/Froggy-Piggy-Presentation-5-scaled.jpg]
[brandikonic.com/wp-content/uploads/2023/11/Froggy-Piggy-Presentation-6-scaled.jpg]
[brandikonic.com/wp-content/uploads/2023/11/Casino-Ocean-Presentation-1-scaled.jpg]
[brandikonic.com/wp-content/uploads/2023/11/Casino-Ocean-Presentation-2-scaled.jpg]
[brandikonic.com/wp-content/uploads/2023/11/Casino-Ocean-Presentation-3-scaled.jpg]
[brandikonic.com/wp-content/uploads/2023/11/Casino-Ocean-Presentation-4-scaled.jpg]
[brandikonic.com/wp-content/uploads/2023/11/Casino-Ocean-Presentation-5-scaled.jpg]
[brandikonic.com/wp-content/uploads/2023/11/Casino-Ocean-Presentation-6-scaled.jpg]
[brandikonic.com/wp-content/uploads/2023/11/Bianco-Presentation-1-scaled.jpg]
[brandikonic.com/wp-content/uploads/2023/11/Bianco-Presentation-2-scaled.jpg]
[brandikonic.com/wp-content/uploads/2023/11/Bianco-Presentation-3-scaled.jpg]
[brandikonic.com/wp-content/uploads/2023/11/Bianco-Presentation-4-scaled.jpg]
[brandikonic.com/wp-content/uploads/2023/11/Bianco-Presentation-5-scaled.jpg]
[brandikonic.com/wp-content/uploads/2023/11/Safran-Presentation-1-scaled.jpg]
[brandikonic.com/wp-content/uploads/2023/11/Safran-Presentation-2-scaled.jpg]
[brandikonic.com/wp-content/uploads/2023/11/Safran-Presentation-3-scaled.jpg]
[brandikonic.com/wp-content/uploads/2023/11/Safran-Presentation-4-scaled.jpg]
[brandikonic.com/wp-content/uploads/2023/11/Safran-Presentation-5-scaled.jpg]
[brandikonic.com/wp-content/uploads/2023/11/Safran-Presentation-6-scaled.jpg]
[brandikonic.com/wp-content/uploads/2023/11/Safran-Presentation-7.jpg]
[brandikonic.com/wp-content/uploads/2023/11/Website-Design-1.png]
[brandikonic.com/wp-content/uploads/2023/11/Website-Design-7.png]
[brandikonic.com/wp-content/uploads/2023/11/Website-Design-10.png]
[brandikonic.com/wp-content/uploads/2023/11/Website-Design-13.png]
[brandikonic.com/wp-content/uploads/2023/11/Website-Design-2.png]
[brandikonic.com/wp-content/uploads/2023/11/Website-Design-5.png]
[brandikonic.com/wp-content/uploads/2023/11/Website-Design-8.png]
[brandikonic.com/wp-content/uploads/2023/11/Website-Design-11.png]
[brandikonic.com/wp-content/uploads/2023/11/Website-Design-14.png]
[brandikonic.com/wp-content/uploads/2023/11/Website-Design-3.png]
[brandikonic.com/wp-content/uploads/2023/11/Website-Design-9.png]
[brandikonic.com/wp-content/uploads/2023/11/Website-Design-12.png]
[brandikonic.com/wp-content/uploads/2023/11/Website-Design-15.png]
[brandikonic.com/wp-content/uploads/2023/11/Lumia-Home-Page.png]
[brandikonic.com/wp-content/uploads/2023/11/Lumia-Shop-Page.png]
[brandikonic.com/wp-content/uploads/2023/11/Lumia-Products-Page.png]
[brandikonic.com/wp-content/uploads/2023/11/Mafoil-Home-Page.png]
[brandikonic.com/wp-content/uploads/2023/11/Mafoil-Shop-Page.png]
[brandikonic.com/wp-content/uploads/2023/11/Mafoil-Products-Page.png]
[brandikonic.com/wp-content/uploads/2023/11/Automize-Home-Page.png]
[brandikonic.com/wp-content/uploads/2023/11/Automize-Shop-Page.png]
[brandikonic.com/wp-content/uploads/2023/11/Automize-Products-Page.png]
[brandikonic.com/wp-content/uploads/2023/11/Orange-Home-Page.png]
[brandikonic.com/wp-content/uploads/2023/11/Orange-Shop-Page.png]
[brandikonic.com/wp-content/uploads/2023/11/Orange-Products-Page.png]
[brandikonic.com/wp-content/uploads/2023/11/Orange-Checkout-Page.png]
[brandikonic.com/wp-content/uploads/2023/11/PPT-1-scaled.jpg]
[brandikonic.com/wp-content/uploads/2023/11/PPT-4.png]
[brandikonic.com/wp-content/uploads/2023/11/PPT-7.png]
[brandikonic.com/wp-content/uploads/2023/11/PPT-10.png]
[brandikonic.com/wp-content/uploads/2023/11/PPT-13.png]
[brandikonic.com/wp-content/uploads/2023/11/PPT-2.png]
[brandikonic.com/wp-content/uploads/2023/11/PPT-5.png]
[brandikonic.com/wp-content/uploads/2023/11/PPT-8.png]
[brandikonic.com/wp-content/uploads/2023/11/PPT-11.png]
[brandikonic.com/wp-content/uploads/2023/11/PPT-3.png]
[brandikonic.com/wp-content/uploads/2023/11/PPT-6.png]
[brandikonic.com/wp-content/uploads/2023/11/PPT-9.png]
[brandikonic.com/wp-content/uploads/2023/11/PPT-12.png]
[brandikonic.com/wp-content/uploads/2023/11/PPT-15.png]
[brandikonic.com/wp-content/plugins/elementor/assets/lib/e-gallery/css/e-gallery.min7359.css]
[brandikonic.com/wp-content/uploads/elementor/css/post-2971e7fd.css]
[brandikonic.com/wp-content/uploads/elementor/css/post-3323e11e.css]
[brandikonic.com/wp-content/uploads/elementor/css/post-32041ce7.css]
[brandikonic.com/wp-content/uploads/elementor/css/post-30711ce7.css]
[brandikonic.com/wp-content/uploads/elementor/css/post-314951f7.css]
[brandikonic.com/wp-content/uploads/elementor/css/post-31581ce7.css]
[brandikonic.com/wp-content/uploads/elementor/css/post-323972b1.css]
[brandikonic.com/wp-content/uploads/elementor/css/post-322479ab.css]
[brandikonic.com/wp-content/uploads/elementor/css/post-29751ce7.css]
[brandikonic.com/wp-content/uploads/elementor/css/post-307846f0.css]
[brandikonic.com/wp-content/uploads/elementor/css/post-31175c13.css]
[brandikonic.com/wp-content/uploads/elementor/css/post-3096e252.css]
[brandikonic.com/wp-content/uploads/elementor/css/post-3126673a.css]
[brandikonic.com/wp-content/uploads/elementor/css/post-3107286b.css]
[brandikonic.com/wp-content/uploads/elementor/css/post-31375f48.css]
[brandikonic.com/wp-content/uploads/elementor/css/post-3258a99e.css]
[brandikonic.com/wp-content/uploads/elementor/css/post-3282a99e.css]
[brandikonic.com/wp-content/uploads/elementor/css/post-3292a99e.css]
[brandikonic.com/wp-content/uploads/elementor/css/post-3301a99e.css]
[brandikonic.com/wp-content/uploads/elementor/css/post-3313a99e.css]
[brandikonic.com/wp-content/uploads/elementor/css/post-3276a99e.css]
[brandikonic.com/wp-content/uploads/elementor/css/post-3284a99e.css]
[brandikonic.com/wp-content/uploads/elementor/css/post-3295a99e.css]
[brandikonic.com/wp-content/uploads/elementor/css/post-3304a99e.css]
[brandikonic.com/wp-content/uploads/elementor/css/post-3316a99e.css]
[brandikonic.com/wp-content/uploads/elementor/css/post-3279a99e.css]
[brandikonic.com/wp-content/uploads/elementor/css/post-3288a99e.css]
[brandikonic.com/wp-content/uploads/elementor/css/post-3298a99e.css]
[brandikonic.com/wp-content/uploads/elementor/css/post-3309a99e.css]
[brandikonic.com/wp-content/uploads/elementor/css/post-3319a99e.css]
[brandikonic.com/wp-content/uploads/elementor/css/post-31774fea.css]
[brandikonic.com/wp-content/uploads/elementor/css/post-31844fea.css]
[brandikonic.com/wp-content/uploads/elementor/css/post-31984fea.css]
[brandikonic.com/wp-content/uploads/elementor/css/post-31914fea.css]
[brandikonic.com/wp-content/uploads/elementor/css/post-299538f9.css]
[brandikonic.com/wp-content/uploads/elementor/css/post-301438f9.css]
[brandikonic.com/wp-content/uploads/elementor/css/post-3027f5e2.css]
[brandikonic.com/wp-content/uploads/elementor/css/post-3039f5e2.css]
[brandikonic.com/wp-content/uploads/elementor/css/post-3051f5e2.css]
[brandikonic.com/wp-content/uploads/elementor/css/post-3006f5e2.css]
[brandikonic.com/wp-content/uploads/elementor/css/post-3018f5e2.css]
[brandikonic.com/wp-content/uploads/elementor/css/post-3031f5e2.css]
[brandikonic.com/wp-content/uploads/elementor/css/post-3043f5e2.css]
[brandikonic.com/wp-content/uploads/elementor/css/post-3055f5e2.css]
[brandikonic.com/wp-content/uploads/elementor/css/post-3011f5e2.css]
[brandikonic.com/wp-content/uploads/elementor/css/post-3023f5e2.css]
[brandikonic.com/wp-content/uploads/elementor/css/post-3035f5e2.css]
[brandikonic.com/wp-content/uploads/elementor/css/post-3047f5e2.css]
[brandikonic.com/wp-content/uploads/elementor/css/post-3059f5e2.css]
[brandikonic.com/wp-content/plugins/elementor/assets/lib/animations/animations.minafc7.css]
[brandikonic.com/wp-content/plugins/click-to-chat-for-whatsapp/new/inc/assets/js/app862f.js]
[brandikonic.com/wp-content/plugins/woocommerce/assets/js/jquery-blockui/jquery.blockUI.minf0ea.js]
[brandikonic.com/wp-content/plugins/woocommerce/assets/js/frontend/add-to-cart.min2632.js]
[brandikonic.com/wp-content/plugins/woocommerce/assets/js/js-cookie/js.cookie.mine1a3.js]
[brandikonic.com/wp-content/plugins/woocommerce/assets/js/frontend/woocommerce.min2632.js]
[brandikonic.com/wp-content/plugins/elementor-pro/assets/lib/smartmenus/jquery.smartmenus.minf269.js]
[brandikonic.com/wp-content/plugins/elementor/assets/lib/e-gallery/js/e-gallery.min7359.js]
[brandikonic.com/wp-includes/js/imagesloaded.minbb93.js]
[brandikonic.com/wp-content/plugins/smartquizbuilder/includes/js/jquery.cookie.minaec2.js]
[brandikonic.com/wp-content/plugins/elementor-pro/assets/js/webpack-pro.runtime.min6b60.js]
[brandikonic.com/wp-content/plugins/elementor/assets/js/webpack.runtime.minafc7.js]
[brandikonic.com/wp-content/plugins/elementor/assets/js/frontend-modules.minafc7.js]
[brandikonic.com/wp-includes/js/dist/vendor/wp-polyfill-inert.min0226.js]
[brandikonic.com/wp-includes/js/dist/vendor/regenerator-runtime.min6c85.js]
[brandikonic.com/wp-includes/js/dist/vendor/wp-polyfill.min2c7c.js]
[brandikonic.com/wp-includes/js/dist/hooks.min2ebd.js]
[brandikonic.com/wp-includes/js/dist/i18n.minf92f.js]
[brandikonic.com/wp-content/plugins/elementor-pro/assets/js/frontend.min6b60.js]
[brandikonic.com/wp-content/plugins/elementor/assets/lib/waypoints/waypoints.min05da.js]
[brandikonic.com/wp-includes/js/jquery/ui/core.min3f14.js]
[brandikonic.com/wp-content/plugins/elementor/assets/js/frontend.minafc7.js]
[brandikonic.com/wp-content/plugins/elementor-pro/assets/js/elements-handlers.min6b60.js]
[brandikonic.com/index.html]
[brandikonic.com/wp-content/plugins/click-to-chat-for-whatsapp/new/inc/assets/css/main862f.css]
[brandikonic.com/wp-includes/css/dist/block-library/style.minaec2.css]
[brandikonic.com/wp-content/plugins/woocommerce/assets/css/woocommerce-layout2632.css]
[brandikonic.com/wp-content/plugins/woocommerce/assets/css/woocommerce-smallscreen2632.css]
[brandikonic.com/wp-content/plugins/elementor-pro/assets/lib/sticky/jquery.sticky.min6b60.js]
[brandikonic.com/wp-content/plugins/woocommerce/assets/fonts/star.eot]
[brandikonic.com/wp-content/plugins/woocommerce/assets/fonts/stard41d.eot]
[brandikonic.com/wp-content/plugins/woocommerce/assets/fonts/star.woff]
[brandikonic.com/wp-content/plugins/woocommerce/assets/fonts/star.ttf]
[brandikonic.com/wp-content/plugins/woocommerce/assets/fonts/star.svg]
[brandikonic.com/wp-content/plugins/woocommerce/assets/fonts/WooCommerce.eot]
[brandikonic.com/wp-content/plugins/woocommerce/assets/fonts/WooCommerced41d.eot]
[brandikonic.com/wp-content/plugins/woocommerce/assets/fonts/WooCommerce.woff]
[brandikonic.com/wp-content/plugins/woocommerce/assets/fonts/WooCommerce.ttf]
[brandikonic.com/wp-content/plugins/woocommerce/assets/fonts/WooCommerce.svg]
[brandikonic.com/wp-content/plugins/woocommerce/assets/images/icons/loader.svg]
[brandikonic.com/wp-content/plugins/woocommerce/assets/images/icons/credit-cards/visa.svg]
[brandikonic.com/wp-content/plugins/woocommerce/assets/images/icons/credit-cards/mastercard.svg]
[brandikonic.com/wp-content/plugins/woocommerce/assets/images/icons/credit-cards/laser.svg]
[brandikonic.com/wp-content/plugins/woocommerce/assets/images/icons/credit-cards/diners.svg]
[brandikonic.com/wp-content/plugins/woocommerce/assets/images/icons/credit-cards/maestro.svg]
[brandikonic.com/wp-content/plugins/woocommerce/assets/images/icons/credit-cards/jcb.svg]
[brandikonic.com/wp-content/plugins/woocommerce/assets/images/icons/credit-cards/amex.svg]
[brandikonic.com/wp-content/plugins/woocommerce/assets/css/woocommerce2632.css]
[brandikonic.com/wp-content/themes/hello-elementor/style.min1102.css]
[brandikonic.com/wp-content/themes/hello-elementor/theme.min1102.css]
[brandikonic.com/wp-content/plugins/woocommerce/assets/images/icons/credit-cards/discover.svg]
[brandikonic.com/wp-content/plugins/elementor/assets/lib/eicons/fonts/eicons9506.eot]
[brandikonic.com/wp-content/plugins/elementor/assets/lib/eicons/fonts/eicons9506.woff2]
[brandikonic.com/wp-content/plugins/elementor/assets/lib/eicons/fonts/eicons9506.woff]
[brandikonic.com/wp-content/plugins/elementor/assets/lib/eicons/fonts/eicons9506.ttf]
[brandikonic.com/wp-content/plugins/elementor/assets/lib/eicons/css/elementor-icons.min192d.css]
[brandikonic.com/wp-content/plugins/elementor/assets/css/frontend-lite.minafc7.css]
[brandikonic.com/wp-content/plugins/elementor/assets/lib/swiper/css/swiper.min48f5.css]
[brandikonic.com/wp-content/plugins/elementor/assets/lib/eicons/fonts/eicons9506.svg]
[brandikonic.com/wp-content/uploads/2023/09/Gilroy-ExtraBold.ttf]
[brandikonic.com/wp-content/uploads/2023/09/Gilroy-Bold.ttf]
[brandikonic.com/wp-content/uploads/2023/09/Gilroy-SemiBold.ttf]
[brandikonic.com/wp-content/uploads/2023/09/Gilroy-Medium.ttf]
[brandikonic.com/wp-content/uploads/elementor/css/post-18f086.css]
[brandikonic.com/wp-content/plugins/elementor-pro/assets/css/frontend-lite.min6b60.css]
[brandikonic.com/wp-content/plugins/ultimate-elementor/assets/min-css/uael-frontend.min20e9.css]
[brandikonic.com/wp-content/uploads/elementor/css/global6e38.css]
[brandikonic.com/wp-content/uploads/elementor/css/post-42749f0.css]
[brandikonic.com/wp-content/plugins/elementor/assets/lib/font-awesome/css/fontawesome.min52d5.css]
[brandikonic.com/wp-content/plugins/elementor/assets/lib/font-awesome/webfonts/fa-solid-900.eot]
[brandikonic.com/wp-content/plugins/elementor/assets/lib/font-awesome/webfonts/fa-solid-900d41d.eot]
[brandikonic.com/wp-content/plugins/elementor/assets/lib/font-awesome/webfonts/fa-solid-900.woff2]
[brandikonic.com/wp-content/plugins/elementor/assets/lib/font-awesome/webfonts/fa-solid-900.woff]
[brandikonic.com/wp-content/plugins/elementor/assets/lib/font-awesome/webfonts/fa-solid-900.ttf]
[brandikonic.com/wp-content/plugins/elementor/assets/lib/font-awesome/css/solid.min52d5.css]
[brandikonic.com/wp-content/plugins/elementor/assets/lib/font-awesome/webfonts/fa-solid-900.svg]
[brandikonic.com/wp-content/plugins/elementor/assets/lib/font-awesome/webfonts/fa-regular-400.eot]
[brandikonic.com/wp-content/plugins/elementor/assets/lib/font-awesome/webfonts/fa-regular-400d41d.eot]
[brandikonic.com/wp-content/plugins/elementor/assets/lib/font-awesome/webfonts/fa-regular-400.woff2]
[brandikonic.com/wp-content/plugins/elementor/assets/lib/font-awesome/webfonts/fa-regular-400.woff]
[brandikonic.com/wp-content/plugins/elementor/assets/lib/font-awesome/webfonts/fa-regular-400.ttf]
[brandikonic.com/wp-content/plugins/elementor/assets/lib/font-awesome/css/regular.min52d5.css]
[brandikonic.com/wp-content/plugins/elementor/assets/lib/font-awesome/webfonts/fa-regular-400.svg]
[brandikonic.com/wp-content/plugins/elementor/assets/lib/font-awesome/webfonts/fa-brands-400.eot]
[brandikonic.com/wp-content/plugins/elementor/assets/lib/font-awesome/webfonts/fa-brands-400d41d.eot]
[brandikonic.com/wp-content/plugins/elementor/assets/lib/font-awesome/webfonts/fa-brands-400.woff2]
[brandikonic.com/wp-content/plugins/elementor/assets/lib/font-awesome/webfonts/fa-brands-400.woff]
[brandikonic.com/wp-content/plugins/elementor/assets/lib/font-awesome/webfonts/fa-brands-400.ttf]
[brandikonic.com/wp-content/plugins/elementor/assets/lib/font-awesome/css/brands.min52d5.css]
[www.googletagmanager.com/gtm5445.html]
[brandikonic.com/wp-content/plugins/elementor-pro/assets/css/widget-nav-menu.min.css]
[brandikonic.com/wp-content/plugins/elementor/assets/css/widget-icon-list.min.css]
[brandikonic.com/wp-content/plugins/elementor/assets/lib/font-awesome/webfonts/fa-brands-400.svg]
[brandikonic.com/wp-content/uploads/elementor/css/post-1697619.css]
[brandikonic.com/wp-json/oembed/1.0/embed2d57]
[brandikonic.com/wp-json/wp/v2/pages/169.json]
[brandikonic.com/wp-json/oembed/1.0/embed24d1.json]
[brandikonic.com/wp-json/oembed/1.0/embed45b1]
[brandikonic.com/wp-content/uploads/2023/09/clients-Trust-Brandikonic-D.0.png]
[brandikonic.com/wp-content/uploads/2023/09/Average-Rating-C.0.png]
[brandikonic.com/wp-content/uploads/2023/09/Designs-Made-B.0.png]
[brandikonic.com/wp-content/uploads/2023/09/Professional-Design-Team-A.0.png]
[brandikonic.com/wp-content/uploads/2023/09/Video-Image.jpg]
[wordpress-590452-2659361.cloudwaysapps.com/wp-content/uploads/2023/03/backhand-index-pointing-right_light-skin-tone_1f449-1f3fb_1f3fb.png]
[brandikonic.com/wp-content/uploads/2023/09/clock.png]
[brandikonic.com/wp-content/uploads/2023/09/free.png]
[brandikonic.com/wp-content/uploads/2023/09/checked1.webp]
[brandikonic.com/wp-content/uploads/2023/09/240_F_130741534_hXTyDxAWDac8UPvkEdKxu8dPathgPBiw.jpg]
[brandikonic.com/wp-content/uploads/2023/09/unnamed-1-1.png]
[brandikonic.com/wp-content/uploads/2023/09/Logo_Portfolio_realestat_TRP-1.jpg]
[brandikonic.com/wp-content/uploads/2023/09/Logo_Portfolio_realestat_gargael-6.gif]
[brandikonic.com/wp-content/uploads/2023/09/Logo_Portfolio_realestat_Masterbilt-1.jpg]
[brandikonic.com/wp-content/uploads/2023/09/logo_Portfolio_IT_Giffin_1-1.jpg]
[brandikonic.com/wp-content/uploads/2023/09/Logo_Portfolio_realestat_Av-3.gif]
[brandikonic.com/wp-content/uploads/2023/09/Logo_Portfolio_realestat_Stylite-1.gif]
[brandikonic.com/wp-content/uploads/2023/09/Logo_portfolio_consultamcy_pathways-1.jpg]
[brandikonic.com/wp-content/uploads/2023/09/Logo_portfolio_consultamcy_sumanhr-1.jpg]
[brandikonic.com/wp-content/uploads/2023/09/Logo_portfolio_consultamcy_hiringpanda-2.gif]
[brandikonic.com/wp-content/uploads/2023/09/Logo_portfolio_consultamcy_prajaas-1.gif]
[brandikonic.com/wp-content/uploads/2023/09/Logo_portfolio_consultamcy_globalfounders-1.gif]
[brandikonic.com/wp-content/uploads/2023/09/Logo_portfolio_consultamcy_rachana-1.jpg]
[brandikonic.com/wp-content/uploads/2023/09/Logo_Portfolio_fashion_Brun-1.jpg]
[brandikonic.com/wp-content/uploads/2023/09/Logo_Portfolio_fashion_Elleza-1.jpg]
[brandikonic.com/wp-content/uploads/2023/09/Logo_Portfolio_fashion_Laliqa-1.gif]
[brandikonic.com/wp-content/uploads/2023/09/Logo_Portfolio_fashion_lami-3.gif]
[brandikonic.com/wp-content/uploads/2023/09/Logo_Portfolio_fashion_Muddy-Water-5.gif]
[brandikonic.com/wp-content/uploads/2023/09/Logo_Portfolio_fashion_Zirkon-6.gif]
[brandikonic.com/wp-content/uploads/2023/09/Logo_Portfolio_fashion_Hence-1.jpg]
[brandikonic.com/wp-content/uploads/2023/09/Logo_Portfolio_fashion_Tiggi-Toru-11.gif]
[brandikonic.com/wp-content/uploads/2023/09/Logo_Portfolio_fashion_OneHuman-6.gif]
[brandikonic.com/wp-content/uploads/2023/09/Logo_Portfolio_fashion_P-and-M-3.gif]
[brandikonic.com/wp-content/uploads/2023/09/Logo_portfolio_food_binzmomo-1.jpg]
[brandikonic.com/wp-content/uploads/2023/09/Logo_portfolio_food_arden-10.gif]
[brandikonic.com/wp-content/uploads/2023/09/Logo_portfolio_food_sarah-6.gif]
[brandikonic.com/wp-content/uploads/2023/09/Logo_portfolio_food_coco-1.jpg]
[brandikonic.com/wp-content/uploads/2023/09/Logo_portfolio_food_lily-1.gif]
[brandikonic.com/wp-content/uploads/2023/09/Logo_portfolio_food_moreice-3.gif]
[brandikonic.com/wp-content/uploads/2023/09/Logo_portfolio_interior_dream-13.jpg]
[brandikonic.com/wp-content/uploads/2023/09/Logo_portfolio_interior_Kaavi-1.jpg]
[brandikonic.com/wp-content/uploads/2023/09/Logo_portfolio_interior_avaiome-1.jpg]
[brandikonic.com/wp-content/uploads/2023/09/Logo_portfolio_interior_mapmyhouse-3.gif]
[brandikonic.com/wp-content/uploads/2023/09/Logo_portfolio_interior_nitebay-1.gif]
[brandikonic.com/wp-content/uploads/2023/09/Logo_portfolio_interior_JL-1.gif]
[brandikonic.com/wp-content/uploads/2023/09/Logo_Portfolio_IT_Radiant_1-6.gif]
[brandikonic.com/wp-content/uploads/2023/09/Logo_PortfolioI_IT_Stalwart_1-17.gif]
[brandikonic.com/wp-content/uploads/2023/09/Logo_Portfolio_IT_Qualitas_1-1.gif]
[brandikonic.com/wp-content/uploads/2023/09/logo_Portfolio_IT_Business_1-6.gif]
[brandikonic.com/wp-content/uploads/2023/09/Logo_Portfolio_IT_Qusonic_1-3.gif]
[brandikonic.com/wp-content/uploads/2023/09/Logo_Portfolio_IT_Tradeze_1-2.gif]
[brandikonic.com/wp-content/uploads/2023/09/logo_portfolio_Jewellary_Parmanand-1.jpg]
[brandikonic.com/wp-content/uploads/2023/09/logo_portfolio_jewellary_zaverica-3.gif]
[brandikonic.com/wp-content/uploads/2023/09/logo_portfolio_jewellary_rajman-19.gif]
[brandikonic.com/wp-content/uploads/2023/09/Logo_Portfolio_Jewellary_Celestic-7.gif]
[brandikonic.com/wp-content/uploads/2023/09/Logo_Portfolio_Jewellary_honeygolddiamond-1.jpg]
[brandikonic.com/wp-content/uploads/2023/09/Logo_Portfolio_Jewellary_Beautiful-3.jpg]
[brandikonic.com/wp-content/uploads/2023/09/logo_portfolio_Doctorpharma_DENTALCARE-1.jpg]
[brandikonic.com/wp-content/uploads/2023/09/logo_portfolio_Doctorpharma_FATAMI-6.gif]
[brandikonic.com/wp-content/uploads/2023/09/logo_portfolio_Doctorpharma_denta-1.jpg]
[brandikonic.com/wp-content/uploads/2023/09/logo_portfolio_Doctorpharma_subhadra-6.gif]
[brandikonic.com/wp-content/uploads/2023/09/logo_portfolio_Doctorpharma_viaana-1.gif]
[brandikonic.com/wp-content/uploads/2023/09/logo_portfolio_Doctorpharma_evita-1.jpg]
[brandikonic.com/wp-content/uploads/2023/09/Logo_portfolio_travelandhospality_apsara-1.jpg]
[brandikonic.com/wp-content/uploads/2023/09/Logo_portfolio_travelandhospality_grandcrown-6.gif]
[brandikonic.com/wp-content/uploads/2023/09/Logo_portfolio_travelandhospality_Hill-1.jpg]
[brandikonic.com/wp-content/uploads/2023/09/Logo_portfolio_travelandhospality_rihla-1.gif]
[brandikonic.com/wp-content/uploads/2023/09/Logo_portfolio_travelandhospality_cliff-3.gif]
[brandikonic.com/wp-content/uploads/2023/09/Logo_portfolio_travelandhospality_Longbeach-3.gif]
[brandikonic.com/wp-content/uploads/2023/09/Lukeri-Photo.png]
[brandikonic.com/wp-content/uploads/2023/09/Lukeri.jpg]
[brandikonic.com/wp-content/uploads/2023/09/Yolanda-Photo.png]
[brandikonic.com/wp-content/uploads/2023/09/Yolanda.jpg]
[brandikonic.com/wp-content/uploads/2023/09/P-Michel-Photo.png]
[brandikonic.com/wp-content/uploads/2023/09/P-Michael.jpg]
[brandikonic.com/logodesign/https_/brandikonic.com/wp-content/uploads/2023/09/6-Mr.-Todd.jpg]
[brandikonic.com/logodesign/https_/brandikonic.com/wp-content/uploads/2023/09/5-Lukeri.jpg]
[brandikonic.com/logodesign/https_/brandikonic.com/wp-content/uploads/2023/09/7-P.-Michle.jpg]
[brandikonic.com/logodesign/https_/brandikonic.com/wp-content/uploads/2023/09/9-Yolanda.jpg]
[brandikonic.com/logodesign/https_/brandikonic.com/wp-content/uploads/2023/09/3-Dr.-Krishna.jpg]
[brandikonic.com/logodesign/https_/brandikonic.com/wp-content/uploads/2023/09/8-Subhadip.jpg]
[brandikonic.com/logodesign/https_/brandikonic.com/wp-content/uploads/2023/09/2-Dr.-Chandresh.jpg]
[brandikonic.com/logodesign/https_/brandikonic.com/wp-content/uploads/2023/09/1-Arun.jpg]
[brandikonic.com/wp-content/uploads/2023/09/Krishna.png]
[brandikonic.com/wp-content/uploads/2023/09/Hiren-Gaudani.png]
[brandikonic.com/wp-content/uploads/2023/09/Kashvi.png]
[brandikonic.com/wp-content/uploads/2023/09/Shantanu-Dixit.png]
[brandikonic.com/wp-content/uploads/2023/09/Flourish.png]
[brandikonic.com/wp-content/uploads/2023/09/Reddeppa-chowdary.png]
[brandikonic.com/wp-content/uploads/2023/09/Artboard-10-cEEEopy-2048x1700-1-1024x850-1.png]
[brandikonic.com/wp-content/uploads/2023/09/Jitendra-Dhameliya.png]
[checkout.razorpay.com/v1/payment-button.js]
[brandikonic.com/wp-content/uploads/2023/09/2-Brand-safety.png]
[brandikonic.com/wp-content/uploads/2023/09/3-World-class-designer.png]
[brandikonic.com/wp-content/uploads/2023/09/4-Dedicated-Brand-Expert.png]
[brandikonic.com/logodesign/index.html]
[brandikonic.com/wp-content/uploads/elementor/css/post-26740c26.css]
[brandikonic.com/wp-json/wp/v2/pages/2674.json]
[brandikonic.com/wp-json/oembed/1.0/embed6612.json]
[brandikonic.com/wp-json/oembed/1.0/embed5e31]
[brandikonic.com/wp-content/uploads/2023/10/Team-pphoto-1.png]
[brandikonic.com/wp-content/uploads/2023/10/Team-phoooooto-2.png]
[brandikonic.com/wp-content/uploads/2023/10/Professional-Design-Team-1.png]
[brandikonic.com/wp-content/uploads/2023/10/clients-Trust-Brandikonic-4.png]
[brandikonic.com/wp-content/uploads/2023/10/Average-Rating-3.png]
[brandikonic.com/wp-content/uploads/2023/10/Designs-Made-2-copy.png]
[brandikonic.com/wp-content/uploads/2023/10/Designs-Made-2.png]
[brandikonic.com/wp-content/uploads/2023/10/secure.png]
[brandikonic.com/wp-content/uploads/2023/10/Ronak-Munjapara.png]
[brandikonic.com/wp-content/uploads/2023/10/Website-16.png]
[brandikonic.com/wp-content/uploads/2023/10/Website-15.png]
[brandikonic.com/wp-content/uploads/2023/10/Website-21.jpg]
[brandikonic.com/wp-content/uploads/2023/10/Website-19-1.png]
[brandikonic.com/wp-content/uploads/2023/10/Website-17.png]
[brandikonic.com/wp-content/uploads/2023/10/Website-2-1.jpg]
[brandikonic.com/wp-content/uploads/2023/10/Website-14.png]
[brandikonic.com/wp-content/uploads/2023/10/Website-6.jpg]
[brandikonic.com/wp-content/uploads/2023/10/Website-5-1.png]
[brandikonic.com/wp-content/uploads/2023/10/Website-13.png]
[brandikonic.com/wp-content/uploads/2023/10/Website-1.png]
[brandikonic.com/wp-content/uploads/2023/10/Website-9.jpg]
[brandikonic.com/wp-content/uploads/2023/10/Devjeet-singh.png]
[brandikonic.com/wp-content/uploads/2023/10/Dhruv-Sharma.png]
[brandikonic.com/wp-content/uploads/2023/10/Piyush-Apte.png]
[brandikonic.com/wp-content/uploads/2023/10/Aaryan-Khatri.png]
[brandikonic.com/wp-content/uploads/2023/10/Soham-Agarwal.png]
[brandikonic.com/wp-content/uploads/2023/10/Nikith-Iyer.png]
[brandikonic.com/webdesign/index.html]
[brandikonic.com/wp-content/uploads/elementor/css/post-2679d6f9.css]
[brandikonic.com/wp-json/wp/v2/pages/2679.json]
[brandikonic.com/wp-json/oembed/1.0/embede5b0.json]
[brandikonic.com/wp-content/uploads/2023/10/Brand.png]
[brandikonic.com/wp-content/uploads/2023/10/Sketch-Based-Design.png]
[brandikonic.com/wp-content/uploads/2023/10/Indias-Best-Designers.png]
[brandikonic.com/wp-content/uploads/2023/10/Dedicated-Brand-Expert.png]
[brandikonic.com/wp-content/uploads/2023/10/Fast-turnaround.png]
[brandikonic.com/wp-content/uploads/2023/10/Preeti-Desai.png]
[brandikonic.com/wp-content/uploads/2023/10/Nitin-Rathi.png]
[brandikonic.com/wp-content/uploads/2023/10/Mohan-Pawar.png]
[brandikonic.com/wp-content/uploads/2023/10/Packaging_Design-10.jpg]
[brandikonic.com/wp-content/uploads/2023/10/Packaging_Design-11.jpg]
[brandikonic.com/wp-content/uploads/2023/10/Packaging_Design-2.jpg]
[brandikonic.com/wp-content/uploads/2023/10/Packaging_Design-8.jpg]
[brandikonic.com/wp-content/uploads/2023/10/1-5.jpg]
[brandikonic.com/wp-content/uploads/2023/10/1-17-1.jpg]
[brandikonic.com/wp-content/uploads/2023/10/1-7-1.jpg]
[brandikonic.com/wp-content/uploads/2023/10/Packaging_Design-1.jpg]
[brandikonic.com/wp-content/uploads/2023/10/Packaging_Design-9-1.jpg]
[brandikonic.com/wp-content/uploads/2023/10/Packaging_Design-4.jpg]
[brandikonic.com/wp-content/uploads/2023/10/Packaging_Design-5.jpg]
[brandikonic.com/wp-content/uploads/2023/10/Packaging_Design-6.jpg]
[brandikonic.com/wp-content/uploads/2023/10/Packaging_Design-7-1.jpg]
[brandikonic.com/wp-content/uploads/2023/10/Packaging_Design-3-1.jpg]
[brandikonic.com/wp-content/uploads/2023/10/1-3-1.jpg]
[brandikonic.com/packagingdesign/https_/brandikonic.com/wp-content/uploads/2023/09/6-Mr.-Todd.jpg]
[brandikonic.com/packagingdesign/https_/brandikonic.com/wp-content/uploads/2023/09/5-Lukeri.jpg]
[brandikonic.com/packagingdesign/https_/brandikonic.com/wp-content/uploads/2023/09/7-P.-Michle.jpg]
[brandikonic.com/packagingdesign/https_/brandikonic.com/wp-content/uploads/2023/09/9-Yolanda.jpg]
[brandikonic.com/packagingdesign/https_/brandikonic.com/wp-content/uploads/2023/09/3-Dr.-Krishna.jpg]
[brandikonic.com/packagingdesign/https_/brandikonic.com/wp-content/uploads/2023/09/8-Subhadip.jpg]
[brandikonic.com/packagingdesign/https_/brandikonic.com/wp-content/uploads/2023/09/2-Dr.-Chandresh.jpg]
[brandikonic.com/packagingdesign/https_/brandikonic.com/wp-content/uploads/2023/09/1-Arun.jpg]
[brandikonic.com/wp-content/uploads/2023/10/Kpail-Rai.png]
[brandikonic.com/wp-content/uploads/2023/10/Alim-Khan.png]
[brandikonic.com/wp-content/uploads/2023/10/Kiran-Yadav.png]
[brandikonic.com/wp-content/uploads/2023/10/Hiren-Gaudani.png]
[brandikonic.com/wp-content/uploads/2023/10/Shobhit-Pal.png]
[brandikonic.com/wp-content/uploads/2023/10/Anirudh-kale.png]
[brandikonic.com/wp-content/uploads/2023/10/Artboard-2-1.png]
[brandikonic.com/wp-content/uploads/2023/10/Artboard-3.png]
[brandikonic.com/wp-content/uploads/2023/10/Artboard-6.png]
[brandikonic.com/wp-content/uploads/2023/10/Artboard-4.png]
[brandikonic.com/wp-content/uploads/2023/10/Artboard-5.png]
[brandikonic.com/wp-content/uploads/2023/10/Artboard-1.png]
[brandikonic.com/packagingdesign/index.html]
[brandikonic.com/wp-content/uploads/elementor/css/post-26592aca.css]
[brandikonic.com/wp-json/oembed/1.0/embed33b0.json]
[brandikonic.com/wp-json/oembed/1.0/embed33fe]
[brandikonic.com/wp-content/uploads/2023/10/Chintan-Shanepara.png]
[brandikonic.com/wp-content/uploads/2023/10/Brand_name_Talitva.jpg]
[brandikonic.com/wp-content/uploads/2023/10/Brand_name_Macky-1.jpg]
[brandikonic.com/wp-content/uploads/2023/10/Brand_name_Urban_Chai.jpg]
[brandikonic.com/wp-content/uploads/2023/10/Brand_name_Anavrin.jpg]
[brandikonic.com/wp-content/uploads/2023/10/Brand_name_Atyantah.jpg]
[brandikonic.com/wp-content/uploads/2023/10/Brand_name_Chai_Partner.jpg]
[brandikonic.com/wp-content/uploads/2023/10/Brand_name_Ergohac-1.jpg]
[brandikonic.com/wp-content/uploads/2023/10/Brand_name_Utiliquo-1.jpg]
[brandikonic.com/wp-content/uploads/2023/10/Brand_name_Vanessa-1.jpg]
[brandikonic.com/wp-content/uploads/2023/10/Brand_name_Zaverica.jpg]
[brandikonic.com/wp-content/uploads/2023/10/Brand_name_Westfortune-1.jpg]
[brandikonic.com/wp-content/uploads/2023/10/Brand_name_Yogye-1.jpg]
[brandikonic.com/brandname/https_/brandikonic.com/wp-content/uploads/2023/09/6-Mr.-Todd.jpg]
[brandikonic.com/brandname/https_/brandikonic.com/wp-content/uploads/2023/09/5-Lukeri.jpg]
[brandikonic.com/brandname/https_/brandikonic.com/wp-content/uploads/2023/09/7-P.-Michle.jpg]
[brandikonic.com/brandname/https_/brandikonic.com/wp-content/uploads/2023/09/9-Yolanda.jpg]
[brandikonic.com/brandname/https_/brandikonic.com/wp-content/uploads/2023/09/3-Dr.-Krishna.jpg]
[brandikonic.com/brandname/https_/brandikonic.com/wp-content/uploads/2023/09/8-Subhadip.jpg]
[brandikonic.com/brandname/https_/brandikonic.com/wp-content/uploads/2023/09/2-Dr.-Chandresh.jpg]
[brandikonic.com/brandname/https_/brandikonic.com/wp-content/uploads/2023/09/1-Arun.jpg]
[brandikonic.com/wp-content/uploads/2023/10/Neeraj-Patel.png]
[brandikonic.com/wp-content/uploads/2023/10/Radhika-Parekh.png]
[brandikonic.com/wp-content/uploads/2023/10/Anupam-Reddy.png]
[brandikonic.com/wp-content/uploads/2023/10/Dhruv-Chauhan.png]
[brandikonic.com/wp-content/uploads/2023/10/Gurneet-Kaur.png]
[brandikonic.com/brandname/index.html]
[brandikonic.com/wp-content/plugins/elementor-pro/assets/css/widget-carousel.min.css]
[brandikonic.com/https_/brandikonic.com/wp-content/uploads/2023/09/6-Mr.-Todd.html]
[brandikonic.com/https_/brandikonic.com/wp-content/uploads/2023/09/5-Lukeri.html]
[brandikonic.com/https_/brandikonic.com/wp-content/uploads/2023/09/7-P.-Michle.html]
[brandikonic.com/https_/brandikonic.com/wp-content/uploads/2023/09/9-Yolanda.html]
[brandikonic.com/https_/brandikonic.com/wp-content/uploads/2023/09/2-Dr.-Chandresh.html]
[brandikonic.com/https_/brandikonic.com/wp-content/uploads/2023/09/8-Subhadip.html]
[brandikonic.com/https_/brandikonic.com/wp-content/uploads/2023/09/3-Dr.-Krishna.html]
[brandikonic.com/https_/brandikonic.com/wp-content/uploads/2023/09/1-Arun.html]
[brandikonic.com/wp-content/uploads/2023/11/Solar.png]
[brandikonic.com/wp-content/uploads/elementor/css/post-2474d8c9.css]
[brandikonic.com/wp-json/wp/v2/pages/2474.json]
[brandikonic.com/wp-json/oembed/1.0/embed3072.json]
[brandikonic.com/wp-json/oembed/1.0/embed82e7]
[brandikonic.com/privacy-policy/index.html]
[brandikonic.com/wp-content/uploads/elementor/css/post-24886448.css]
[brandikonic.com/logodesign-portfolio/index.html]
[brandikonic.com/wp-json/wp/v2/pages/2488.json]
[brandikonic.com/wp-json/oembed/1.0/embedd8ab.json]
[brandikonic.com/wp-json/oembed/1.0/embed5bfd]
[brandikonic.com/terms-of-service/index.html]
[brandikonic.com/wp-content/uploads/2023/11/PPT-4.png]
[brandikonic.com/wp-content/uploads/2023/11/Website-Design-6.png]
[brandikonic.com/wp-content/uploads/2023/11/Website-Design-4.png]
[brandikonic.com/wp-content/uploads/2023/11/PPT-7.png]
[brandikonic.com/wp-content/uploads/2023/11/PPT-14.png]
[brandikonic.com/wp-content/plugins/elementor/assets/lib/e-gallery/css/e-gallery.min7359.css]
[brandikonic.com/wp-content/uploads/elementor/css/post-2971e7fd.css]
[brandikonic.com/wp-content/uploads/elementor/css/post-3323e11e.css]
[brandikonic.com/wp-content/uploads/elementor/css/post-32041ce7.css]
[brandikonic.com/wp-content/uploads/elementor/css/post-30711ce7.css]
[brandikonic.com/wp-content/uploads/elementor/css/post-314951f7.css]
[brandikonic.com/wp-content/uploads/elementor/css/post-31581ce7.css]
[brandikonic.com/wp-content/uploads/elementor/css/post-323972b1.css]
[brandikonic.com/wp-content/uploads/elementor/css/post-322479ab.css]
[brandikonic.com/wp-content/uploads/elementor/css/post-29751ce7.css]
[brandikonic.com/wp-content/uploads/elementor/css/post-307846f0.css]
[brandikonic.com/wp-content/uploads/elementor/css/post-31175c13.css]
[brandikonic.com/wp-content/uploads/elementor/css/post-3096e252.css]
[brandikonic.com/wp-content/uploads/elementor/css/post-3126673a.css]
[brandikonic.com/wp-content/uploads/elementor/css/post-3107286b.css]
[brandikonic.com/wp-content/uploads/elementor/css/post-31375f48.css]
[brandikonic.com/wp-content/uploads/elementor/css/post-3258a99e.css]
[brandikonic.com/wp-content/uploads/elementor/css/post-3282a99e.css]
[brandikonic.com/wp-content/uploads/elementor/css/post-3292a99e.css]
[brandikonic.com/wp-content/uploads/elementor/css/post-3301a99e.css]
[brandikonic.com/wp-content/uploads/elementor/css/post-3313a99e.css]
[brandikonic.com/wp-content/uploads/elementor/css/post-3276a99e.css]
[brandikonic.com/wp-content/uploads/elementor/css/post-3284a99e.css]
[brandikonic.com/wp-content/uploads/elementor/css/post-3295a99e.css]
[brandikonic.com/wp-content/uploads/elementor/css/post-3304a99e.css]
[brandikonic.com/wp-content/uploads/elementor/css/post-3316a99e.css]
[brandikonic.com/wp-content/uploads/elementor/css/post-3279a99e.css]
[brandikonic.com/wp-content/uploads/elementor/css/post-3288a99e.css]
[brandikonic.com/wp-content/uploads/elementor/css/post-3298a99e.css]
[brandikonic.com/wp-content/uploads/elementor/css/post-3309a99e.css]
[brandikonic.com/wp-content/uploads/elementor/css/post-3319a99e.css]
[brandikonic.com/wp-content/uploads/elementor/css/post-31774fea.css]
[brandikonic.com/wp-content/uploads/elementor/css/post-31844fea.css]
[brandikonic.com/wp-content/uploads/elementor/css/post-31984fea.css]
[brandikonic.com/wp-content/uploads/elementor/css/post-31914fea.css]
[brandikonic.com/wp-content/uploads/elementor/css/post-299538f9.css]
[brandikonic.com/wp-content/uploads/elementor/css/post-301438f9.css]
[brandikonic.com/wp-content/uploads/elementor/css/post-3027f5e2.css]
[brandikonic.com/wp-content/uploads/elementor/css/post-3039f5e2.css]
[brandikonic.com/wp-content/uploads/elementor/css/post-3051f5e2.css]
[brandikonic.com/wp-content/uploads/elementor/css/post-3006f5e2.css]
[brandikonic.com/wp-content/uploads/elementor/css/post-3018f5e2.css]
[brandikonic.com/wp-content/uploads/elementor/css/post-3031f5e2.css]
[brandikonic.com/wp-content/uploads/elementor/css/post-3043f5e2.css]
[brandikonic.com/wp-content/uploads/elementor/css/post-3055f5e2.css]
[brandikonic.com/wp-content/uploads/elementor/css/post-3011f5e2.css]
[brandikonic.com/wp-content/uploads/elementor/css/post-3023f5e2.css]
[brandikonic.com/wp-content/uploads/elementor/css/post-3035f5e2.css]
[brandikonic.com/wp-content/uploads/elementor/css/post-3047f5e2.css]
[brandikonic.com/wp-content/uploads/elementor/css/post-3059f5e2.css]
[brandikonic.com/wp-content/plugins/elementor/assets/lib/animations/animations.minafc7.css]
[brandikonic.com/wp-content/plugins/woocommerce/assets/fonts/star.svg]
[brandikonic.com/wp-content/plugins/woocommerce/assets/fonts/WooCommerce.svg]
[brandikonic.com/wp-content/plugins/woocommerce/assets/images/icons/loader.svg]
[brandikonic.com/wp-content/plugins/woocommerce/assets/images/icons/credit-cards/visa.svg]
[brandikonic.com/wp-content/plugins/woocommerce/assets/images/icons/credit-cards/mastercard.svg]
[brandikonic.com/wp-content/plugins/woocommerce/assets/images/icons/credit-cards/laser.svg]
[brandikonic.com/wp-content/plugins/woocommerce/assets/images/icons/credit-cards/diners.svg]
[brandikonic.com/wp-content/plugins/woocommerce/assets/images/icons/credit-cards/maestro.svg]
[brandikonic.com/wp-content/plugins/woocommerce/assets/images/icons/credit-cards/jcb.svg]
[brandikonic.com/wp-content/plugins/woocommerce/assets/images/icons/credit-cards/amex.svg]
[brandikonic.com/wp-content/plugins/woocommerce/assets/images/icons/credit-cards/discover.svg]
[brandikonic.com/wp-content/plugins/elementor/assets/lib/eicons/fonts/eicons9506.svg]
[brandikonic.com/wp-content/plugins/elementor/assets/lib/font-awesome/webfonts/fa-solid-900.svg]
[brandikonic.com/wp-content/plugins/elementor/assets/lib/font-awesome/webfonts/fa-regular-400.svg]
[brandikonic.com/wp-content/plugins/elementor/assets/lib/font-awesome/webfonts/fa-brands-400.svg]
[brandikonic.com/wp-content/uploads/elementor/css/post-1697619.css]
[brandikonic.com/indexff23.html]
[brandikonic.com/wp-content/uploads/2023/09/Logo_Portfolio_fashion_WD-1.jpg]
[brandikonic.com/logodesign/https_/brandikonic.com/wp-content/uploads/2023/09/6-Mr.-Todd.html]
[brandikonic.com/logodesign/https_/brandikonic.com/wp-content/uploads/2023/09/5-Lukeri.html]
[brandikonic.com/logodesign/https_/brandikonic.com/wp-content/uploads/2023/09/7-P.-Michle.html]
[brandikonic.com/logodesign/https_/brandikonic.com/wp-content/uploads/2023/09/9-Yolanda.html]
[brandikonic.com/logodesign/https_/brandikonic.com/wp-content/uploads/2023/09/3-Dr.-Krishna.html]
[brandikonic.com/logodesign/https_/brandikonic.com/wp-content/uploads/2023/09/8-Subhadip.html]
[brandikonic.com/logodesign/https_/brandikonic.com/wp-content/uploads/2023/09/2-Dr.-Chandresh.html]
[brandikonic.com/logodesign/https_/brandikonic.com/wp-content/uploads/2023/09/1-Arun.html]
[brandikonic.com/wp-content/uploads/elementor/css/post-26740c26.css]
[brandikonic.com/index8191.html]
[brandikonic.com/wp-content/uploads/elementor/css/post-2679d6f9.css]
[brandikonic.com/index7667.html]
[brandikonic.com/packagingdesign/https_/brandikonic.com/wp-content/uploads/2023/09/6-Mr.-Todd.html]
[brandikonic.com/packagingdesign/https_/brandikonic.com/wp-content/uploads/2023/09/5-Lukeri.html]
[brandikonic.com/packagingdesign/https_/brandikonic.com/wp-content/uploads/2023/09/7-P.-Michle.html]
[brandikonic.com/packagingdesign/https_/brandikonic.com/wp-content/uploads/2023/09/9-Yolanda.html]
[brandikonic.com/packagingdesign/https_/brandikonic.com/wp-content/uploads/2023/09/3-Dr.-Krishna.html]
[brandikonic.com/packagingdesign/https_/brandikonic.com/wp-content/uploads/2023/09/8-Subhadip.html]
[brandikonic.com/packagingdesign/https_/brandikonic.com/wp-content/uploads/2023/09/2-Dr.-Chandresh.html]
[brandikonic.com/packagingdesign/https_/brandikonic.com/wp-content/uploads/2023/09/1-Arun.html]
[brandikonic.com/wp-content/uploads/elementor/css/post-26592aca.css]
[brandikonic.com/wp-content/uploads/2023/09/1-Fast-turnaround.png]
[brandikonic.com/indexbf56.html]
[brandikonic.com/brandname/https_/brandikonic.com/wp-content/uploads/2023/09/6-Mr.-Todd.html]
[brandikonic.com/brandname/https_/brandikonic.com/wp-content/uploads/2023/09/5-Lukeri.html]
[brandikonic.com/brandname/https_/brandikonic.com/wp-content/uploads/2023/09/7-P.-Michle.html]
[brandikonic.com/brandname/https_/brandikonic.com/wp-content/uploads/2023/09/9-Yolanda.html]
[brandikonic.com/brandname/https_/brandikonic.com/wp-content/uploads/2023/09/3-Dr.-Krishna.html]
[brandikonic.com/brandname/https_/brandikonic.com/wp-content/uploads/2023/09/8-Subhadip.html]
[brandikonic.com/brandname/https_/brandikonic.com/wp-content/uploads/2023/09/2-Dr.-Chandresh.html]
[brandikonic.com/brandname/https_/brandikonic.com/wp-content/uploads/2023/09/1-Arun.html]
[brandikonic.com/refund-policy/index.html]
[brandikonic.com/wp-content/uploads/elementor/css/post-2474d8c9.css]
[brandikonic.com/indexe6ee.html]
[brandikonic.com/wp-json/wp/v2/pages/2659]
[brandikonic.com/wp-content/uploads/elementor/css/post-25852c95.css]
[brandikonic.com/logodesign-portfolio/feed/index.html]
[brandikonic.com/wp-json/wp/v2/pages/2585.json]
[brandikonic.com/wp-json/oembed/1.0/embed3839.json]
[brandikonic.com/wp-json/oembed/1.0/embedbc96]
[brandikonic.com/wp-content/uploads/2023/09/Dadis-vaida-final-slide-1.jpg]
[brandikonic.com/wp-content/uploads/2023/09/Theodore-1-1.jpg]
[brandikonic.com/wp-content/uploads/2023/09/Perfum-1.jpg]
[brandikonic.com/wp-content/uploads/2023/09/Beer-bottle_fina-1.jpg]
[brandikonic.com/wp-content/uploads/2023/09/Meine-Liebe-1.jpg]
[brandikonic.com/wp-content/uploads/2023/09/Muddy-Water-1.jpg]
[brandikonic.com/wp-content/uploads/2023/09/Asia-global.jpg]
[brandikonic.com/wp-content/uploads/2023/09/Orange-logo.jpg]
[brandikonic.com/wp-content/uploads/2023/09/GLANZ.jpg]
[brandikonic.com/wp-content/uploads/2023/09/COSMOS.jpg]
[brandikonic.com/wp-content/uploads/2023/09/Froggy.jpg]
[brandikonic.com/wp-content/uploads/2023/09/Z.jpg]
[brandikonic.com/wp-content/uploads/2023/09/AlphaBuilt.jpg]
[brandikonic.com/wp-content/uploads/2023/09/Athena.jpg]
[brandikonic.com/wp-content/uploads/2023/10/Athena-2.jpg]
[brandikonic.com/wp-content/uploads/2023/10/Bake-My-Choice.jpg]
[brandikonic.com/wp-content/uploads/2023/10/Bird-Leaf.jpg]
[brandikonic.com/wp-content/uploads/2023/09/Burger-Brothers.jpg]
[brandikonic.com/wp-content/uploads/2023/10/BusinessDrive.jpg]
[brandikonic.com/wp-content/uploads/2023/09/Chicken-Adda.jpg]
[brandikonic.com/wp-content/uploads/2023/10/Core-Of-Ffda.jpg]
[brandikonic.com/wp-content/uploads/2023/10/DS.jpg]
[brandikonic.com/wp-content/uploads/2023/09/Dadis-Vaida.jpg]
[brandikonic.com/wp-content/uploads/2023/09/Dazzling.jpg]
[brandikonic.com/wp-content/uploads/2023/10/DeerFoot-2.jpg]
[brandikonic.com/wp-content/uploads/2023/10/Final-Webbbb-Porthfolio-1.0.jpg]
[brandikonic.com/wp-content/uploads/2023/10/BusinessDrive-2.jpg]
[brandikonic.com/wp-content/uploads/2023/10/Glanz-Roza.jpg]
[brandikonic.com/wp-content/uploads/2023/09/Gsmiles.jpg]
[brandikonic.com/wp-content/uploads/2023/09/Hectocorn.jpg]
[brandikonic.com/wp-content/uploads/2023/10/Heeradhan.jpg]
[brandikonic.com/wp-content/uploads/2023/09/Hence.jpg]
[brandikonic.com/wp-content/uploads/2023/10/Inspire.jpg]
[brandikonic.com/wp-content/uploads/2023/10/G.jpg]
[brandikonic.com/wp-content/uploads/2023/09/Kesaria.jpg]
[brandikonic.com/wp-content/uploads/2023/09/Kizello.jpg]
[brandikonic.com/wp-content/uploads/2023/10/Lavender-Craft.jpg]
[brandikonic.com/wp-content/uploads/2023/10/Main-Deerfoot.jpg]
[brandikonic.com/wp-content/uploads/2023/09/Male-Clan.jpg]
[brandikonic.com/wp-content/uploads/2023/10/Nachic.jpg]
[brandikonic.com/wp-content/uploads/2023/09/Xebec.jpg]
[brandikonic.com/wp-content/uploads/2023/09/Navy.jpg]
[brandikonic.com/wp-content/uploads/2023/09/NotByChance.jpg]
[brandikonic.com/wp-content/uploads/2023/10/Phalaan.jpg]
[brandikonic.com/wp-content/uploads/2023/10/Phulaan.jpg]
[brandikonic.com/wp-content/uploads/2023/10/Qualitas-Limited.jpg]
[brandikonic.com/wp-content/uploads/2023/10/Radiant-2.jpg]
[brandikonic.com/wp-content/uploads/2023/10/Ruee.jpg]
[brandikonic.com/wp-content/uploads/2023/10/Saajhedaari.jpg]
[brandikonic.com/wp-content/uploads/2023/10/Shanti-Lal.jpg]
[brandikonic.com/wp-content/uploads/2023/10/Sinukul.jpg]
[brandikonic.com/wp-content/uploads/2023/09/Skyra.jpg]
[brandikonic.com/wp-content/uploads/2023/10/Snaper.jpg]
[brandikonic.com/wp-content/uploads/2023/10/Tiggi-Tori.jpg]
[brandikonic.com/wp-content/uploads/2023/09/Tulips.jpg]
[brandikonic.com/wp-content/uploads/2023/09/Upperx.jpg]
[brandikonic.com/wp-content/uploads/2023/10/VDCN-Fiber.jpg]
[brandikonic.com/wp-content/uploads/2023/10/X.jpg]
[brandikonic.com/wp-content/uploads/2023/10/Xebec-2.jpg]
[brandikonic.com/wp-content/uploads/2023/10/Infyum.jpg]
[brandikonic.com/logodesign-portfolio/index.html]
[brandikonic.com/wp-content/uploads/elementor/css/post-24886448.css]
[brandikonic.com/indexdbfd.html]
[brandikonic.com/xmlrpc0db0.php]
[brandikonic.com/wp-content/uploads/2023/11/20-KEY-FEATURES@3x-scaled.jpg]
[brandikonic.com/wp-json/oembed/1.0/embed3e40]
[brandikonic.com/wp-json/oembed/1.0/embedfb9e.json]
[brandikonic.com/wp-json/oembed/1.0/embed3bc9]
[brandikonic.com/wp-content/uploads/elementor/css/post-1100f090.css]
[brandikonic.com/wp-content/uploads/elementor/css/post-2406f88b.css]
[brandikonic.com/wp-content/uploads/elementor/css/post-2415d151.css]
[brandikonic.com/refund-policy/index.html]
[brandikonic.com/wp-content/uploads/elementor/css/post-25852c95.css]
[brandikonic.com/indexef1a.html]
[brandikonic.com/indexbb4b.html]
[brandikonic.com/wp-content/uploads/elementor/css/post-1100f090.css]
[brandikonic.com/wp-content/uploads/elementor/css/post-2406f88b.css]
[brandikonic.com/wp-content/uploads/elementor/css/post-2415d151.css]
[brandikonic.com/wp-content/uploads/elementor/css/post-2425650a.css]
[brandikonic.com/wp-content/uploads/elementor/css/post-2425650a.css]
[brandikonic.com/wp-content/uploads/elementor/css/post-10855138.css]
[brandikonic.com/wp-content/uploads/elementor/css/post-10855138.css]
[brandikonic.com/wp-json/wp/v2/pages/1085]
